ID: af736a38-2793-4919-be62-b481c36d9055
Status: FAILED
Error: 
Local Path: D:\OneFl\data\outputs\af736a38-2793-4919-be62-b481c36d9055\video_BV1mdYD6kEjh_p2.mp4
